// Jest Snapshot v1, https://goo.gl/fbAQLP

exports[`Button tests Render tests should match to snapshot 1`] = `
<body>
  <div>
    <button
      class="css-1x9g7k4-btnBase-btnPrimary-Button"
    >
      Some button
    </button>
  </div>
</body>
`;
